// Jest Snapshot v1, https://goo.gl/fbAQLP

exports[`home matches the snapshot 1`] = `
ShallowWrapper {
  "length": 1,
  Symbol(enzyme.__root__): [Circular],
  Symbol(enzyme.__unrendered__): <Home />,
  Symbol(enzyme.__renderer__): Object {
    "batchedUpdates": [Function],
    "getNode": [Function],
    "render": [Function],
    "simulateEvent": [Function],
    "unmount": [Function],
  },
  Symbol(enzyme.__node__): Object {
    "instance": null,
    "key": undefined,
    "nodeType": "host",
    "props": Object {
      "children": Array [
        <img
          alt="Atomic Jolt Logo"
          src="data:image/jpeg;base64,/9j/4QAYRXhpZgAASUkqAAgAAAAAAAAAAAAAAP/sABFEdWNreQABAAQAAAA8AAD/4QMxaHR0cDovL25zLmFkb2JlLmNvbS94YXAvMS4wLwA8P3hwYWNrZXQgYmVnaW49Iu+7vyIgaWQ9Ilc1TTBNcENlaGlIenJlU3pOVGN6a2M5ZCI/PiA8eDp4bXBtZXRhIHhtbG5zOng9ImFkb2JlOm5zOm1ldGEvIiB4OnhtcHRrPSJBZG9iZSBYTVAgQ29yZSA1LjYtYzExMSA3OS4xNTgzMjUsIDIwMTUvMDkvMTAtMDE6MTA6MjAgICAgICAgICI+IDxyZGY6UkRGIHhtbG5zOnJkZj0iaHR0cDovL3d3dy53My5vcmcvMTk5OS8wMi8yMi1yZGYtc3ludGF4LW5zIyI+IDxyZGY6RGVzY3JpcHRpb24gcmRmOmFib3V0PSIiIHhtbG5zOnhtcD0iaHR0cDovL25zLmFkb2JlLmNvbS94YXAvMS4wLyIgeG1sbnM6eG1wTU09Imh0dHA6Ly9ucy5hZG9iZS5jb20veGFwLzEuMC9tbS8iIHhtbG5zOnN0UmVmPSJodHRwOi8vbnMuYWRvYmUuY29tL3hhcC8xLjAvc1R5cGUvUmVzb3VyY2VSZWYjIiB4bXA6Q3JlYXRvclRvb2w9IkFkb2JlIFBob3Rvc2hvcCBDQyAyMDE1IChNYWNpbnRvc2gpIiB4bXBNTTpJbnN0YW5jZUlEPSJ4bXAuaWlkOjhBMDlGMEVGQjBEODExRTU4Q0Y4RTJCOTU4QTNFMzM2IiB4bXBNTTpEb2N1bWVudElEPSJ4bXAuZGlkOjhBMDlGMEYwQjBEODExRTU4Q0Y4RTJCOTU4QTNFMzM2Ij4gPHhtcE1NOkRlcml2ZWRGcm9tIHN0UmVmOmluc3RhbmNlSUQ9InhtcC5paWQ6OEEwOUYwRURCMEQ4MTFFNThDRjhFMkI5NThBM0UzMzYiIHN0UmVmOmRvY3VtZW50SUQ9InhtcC5kaWQ6OEEwOUYwRUVCMEQ4MTFFNThDRjhFMkI5NThBM0UzMzYiLz4gPC9yZGY6RGVzY3JpcHRpb24+IDwvcmRmOlJERj4gPC94OnhtcG1ldGE+IDw/eHBhY2tldCBlbmQ9InIiPz7/7gAOQWRvYmUAZMAAAAAB/9sAhAAGBAQEBQQGBQUGCQYFBgkLCAYGCAsMCgoLCgoMEAwMDAwMDBAMDg8QDw4MExMUFBMTHBsbGxwfHx8fHx8fHx8fAQcHBw0MDRgQEBgaFREVGh8fHx8fHx8fHx8fHx8fHx8fHx8fHx8fHx8fHx8fHx8fHx8fHx8fHx8fHx8fHx8fHx//wAARCABFAGQDAREAAhEBAxEB/8QAiQABAAMBAQADAAAAAAAAAAAAAAQFBgcDAQIIAQEBAQAAAAAAAAAAAAAAAAAAAQIQAAAEBAQEAgYFBREAAAAAAAECAwQAEQUGIRITBzEiFBVBFlFhgTJCI3FSchcIYjNDJCax8YKSU2OT00SUJTXFVoYYSBEBAQEBAAAAAAAAAAAAAAAAAAERQf/aAAwDAQACEQMRAD8A/VMAgEAgEBiN1r6c21R0GNHT6q664p0dCZhIRFU0gMsYB+BLNMZ4TlPCcFjje3Fw7n2KrcBHgHuShUKoqN68xTMZR03A/P1rfPiZNTmMYo/SMpiaItfom3LkotyUdvWKM5K7YOQmmqWYCAhgYpijiUxRwEBisrKAQCAQCAQCAQCAhVqs06i0l3VqksDdiyTMs4VN4FKHgHiI8ADxHCA5xtZRqjctbc7o3EiKTmoEFC2WCmPSU7HKf7a05z9AiPA0gLWMvol0t9465alqnKk4vtkyO9dgbFokgB0llZBwNpEN6+bDEQiK1mxTIttVS8rC1DnTolQTcsjKyzi2epAYnAAAZAmAjLxGKldbghAIBAIBAIBAIDj9xHPujfnlRsYTWTbKpVrjXKMiPHpR+WzAQ4lIIc/t8QKMFb2+7ypVk2s4q7ooCCIAixZkwMsuYJJIkAPTLwDAoCPhBHF21r121Lwsa/LjXOe4rkqiraulER00e4Igm1bgHAoIlzfucChEabmpf4F+ISlOvdbXZSFmR58BcsTawG+nTApQ+mKnHUoIQCAQCAQCAQFbcrKrvrfqLOjuysKo4bqJs3hgEwJKGLIpsMfb4cZDwgOcbFVqjUmhOLKfNQotzUEVFay1XME18w5jPSqD75DBLH4Ql8MhgteNrpKbn3z5yeEHybbqp0LXbHAQK6dFGSj0xR4gUQ5PXLxKaYWn4h2wn2ydP0jlI8pDlrUGYmEA+YisADKfjkOaBEDeh6l5ZtO/mn5ui1JjUDHDH9TdSKoXD62YgQI60UxTFAxRASiEwEOAgMEIBAIBAIBAIBAc73g2laXzSRXZnBjcrRI5GL8oiTUTOAgdssJcRTOBhD8mfoEQEsrAbfONzLrTcWsnXmdjlt3K0cUJi0Ez0qRAAAOBlzG5TD+kIcccfEJxa15tk9tadKq3jUXNbXJiZ/XnxtMB4jhmSJL1GnFTVTuNubtdUbKqVlUNc1UdOGYtadT6Q3OuQh0yh0+USACeQhyF90w4QJHR9uXFUXsOgnqrZVpUiskUnaDghk1QUSLpmExTSEBNlzY+mCVo4BAIBAIBAIBAIDD31tYyuaqM62wqLi37haAKXdmHKso3MAgZI+JZ8eUfCC6rqf8Ah/2/TcA8rJXlyVAMRd1d0o4MI+PKUSEEPtAMDW9pdEo1Ib9PSmLdg3/kmyRES4eogFCCJkAgEAgEBDe1mlsXjFk7cERdVNQyLFIw8ypyJmVMBfoIQf3xCAzNxbxbb25V1qPWqyVpUW4EFZuKLg4lBQgHLzJpnLiUwDxguPYm623praG5u9IlogKmbg7OVQmZUoTEhEzFBQ5pYyKUYJj1tHcyxrvUVRt6rJvHCIZlW4lURVAs5ZtNYqZxLjxAJQMXtNqlPqbQrunuCOWxjGICqYzDMmYSHKPoEpgEBAeAwEKq3dbdJRqSz9+mkSkJpLVOQGUMgRcRBITlIBjc2UZBKfjAR67f1n0Gitq1V6ok0pzwhVGipwOJ1SnKBw00igKhuUQGQFw8YD4tHcCz7vRWVt2ppvunEAXTAp01ST4CZJUpDgAywGUoCWvdNBQuRvbSrrLW3aBnbdpkUHMiQRAx84F0wxKOAmnAZ6tb1bX0WrHpNRryKb5I2RZMiayxUzzkJVFEiHIUQHiAmw8YLi9fXnbDJOkqOKgnpV1ZNtSVUwMqRdVb82UhkwOXmnxEZQRCu3cqybQXbt7iqZWCzohlG5RSWUzFKMhH5RDyx9MDFB/2F2d/3ET+7O/6mC45PuZWLmu69ajW7dp1QetLOOVtQnrIgHbkft1U1naqsxATAJS5AAs5hlGIsazd26GV07U2lX2cgRf1mnqCSc8igAqVRMfWQ4CX2RUiduspT2G7djVe5gL5USI5RIusE2yL8xREh1Z8pZ8khH6s/hGBEe7anQa7vVY5rRXRfVlmZdWtvWJiqEKwygGRdVOZRmAnAoCOE/yggMltuz3TZN7grFkqIvUXtbfU55SnYyTQUmUUnxBEfgFT5geIAGA/DFqGjSX1Itbein1B8epP0O3dU/U95VU4nOc2M8MxsPVAaVuvS6XudZVUu4xE6GpbDZGgu3MgaovylIJ8xjchT5BHmH0l9lR1q3LjsCqV2qpW86ZOquQEj1VVoBTGOEhKmJ1iBlUy8MDDl4DKCMJdxHan4gqQRmbI8NbTsrY44SUEy4EH+NBeKrZe4tuKPte5pdxOGbGpt1HRLnYvxIVwqpqn99M/Or8vKUAABxw4wKxNFBen2Xty6qAmZ0kbxB1TBdGyAlTxOUxTGMYeUuYDmmOEseERXat0a/QqttXdg0qotagCLBTW6VZNbJmAcubTMaU8oynFSPP/AM7/APEf9MgdbC2/K3bf2Z6Htmof/LdHQ1Pj/Mcmb0+MEVA/dV2BvLsfl/rA6XL0nR9bjl05fL1uPDmgq6uLy72hx5j6Ts8g6nr9Pp5Twz6vJx9MEVVj/dt06/kntelMOq7XoTn8OrpY/RmgJ1r+Uuld+Wej6Xq1et6HJk6vl1dTJhqe7mnjAQF/u1/aLqe1Sml5p1dDLOQ6PWZsPs54CVXPI3lonfO3eWsiej1ej0eTL8rJn+X7vuS9kB9bK8h9tP5M7d2/N83tmjkzy/SaXxS+tjAc8tMj8N8Xhr1VzXUNMHsaTVMC04rAFRzCkoZQyxlRNmmByBLm48sFay5vuY7+TzL2HvvLLrul6j8jPqc32c3sgLS7vu97e183dq7dn/Uu6dPo58v6LW5Z5fq+EEV9F+53tFW7L2Ds+mTvnSdJ0+nzZOq0+TL70s/rgrQ/s55b/snlvo/5vouh0v6LR0v4OX1QR//Z"
/>,
        <p>
          Welcome to the React Client starter app by 
          <a
                    href="http://www.atomicjolt.com"
          >
                    Atomic Jolt
          </a>
</p>,
      ],
    },
    "ref": null,
    "rendered": Array [
      Object {
        "instance": null,
        "key": undefined,
        "nodeType": "host",
        "props": Object {
          "alt": "Atomic Jolt Logo",
          "src": "data:image/jpeg;base64,/9j/4QAYRXhpZgAASUkqAAgAAAAAAAAAAAAAAP/sABFEdWNreQABAAQAAAA8AAD/4QMxaHR0cDovL25zLmFkb2JlLmNvbS94YXAvMS4wLwA8P3hwYWNrZXQgYmVnaW49Iu+7vyIgaWQ9Ilc1TTBNcENlaGlIenJlU3pOVGN6a2M5ZCI/PiA8eDp4bXBtZXRhIHhtbG5zOng9ImFkb2JlOm5zOm1ldGEvIiB4OnhtcHRrPSJBZG9iZSBYTVAgQ29yZSA1LjYtYzExMSA3OS4xNTgzMjUsIDIwMTUvMDkvMTAtMDE6MTA6MjAgICAgICAgICI+IDxyZGY6UkRGIHhtbG5zOnJkZj0iaHR0cDovL3d3dy53My5vcmcvMTk5OS8wMi8yMi1yZGYtc3ludGF4LW5zIyI+IDxyZGY6RGVzY3JpcHRpb24gcmRmOmFib3V0PSIiIHhtbG5zOnhtcD0iaHR0cDovL25zLmFkb2JlLmNvbS94YXAvMS4wLyIgeG1sbnM6eG1wTU09Imh0dHA6Ly9ucy5hZG9iZS5jb20veGFwLzEuMC9tbS8iIHhtbG5zOnN0UmVmPSJodHRwOi8vbnMuYWRvYmUuY29tL3hhcC8xLjAvc1R5cGUvUmVzb3VyY2VSZWYjIiB4bXA6Q3JlYXRvclRvb2w9IkFkb2JlIFBob3Rvc2hvcCBDQyAyMDE1IChNYWNpbnRvc2gpIiB4bXBNTTpJbnN0YW5jZUlEPSJ4bXAuaWlkOjhBMDlGMEVGQjBEODExRTU4Q0Y4RTJCOTU4QTNFMzM2IiB4bXBNTTpEb2N1bWVudElEPSJ4bXAuZGlkOjhBMDlGMEYwQjBEODExRTU4Q0Y4RTJCOTU4QTNFMzM2Ij4gPHhtcE1NOkRlcml2ZWRGcm9tIHN0UmVmOmluc3RhbmNlSUQ9InhtcC5paWQ6OEEwOUYwRURCMEQ4MTFFNThDRjhFMkI5NThBM0UzMzYiIHN0UmVmOmRvY3VtZW50SUQ9InhtcC5kaWQ6OEEwOUYwRUVCMEQ4MTFFNThDRjhFMkI5NThBM0UzMzYiLz4gPC9yZGY6RGVzY3JpcHRpb24+IDwvcmRmOlJERj4gPC94OnhtcG1ldGE+IDw/eHBhY2tldCBlbmQ9InIiPz7/7gAOQWRvYmUAZMAAAAAB/9sAhAAGBAQEBQQGBQUGCQYFBgkLCAYGCAsMCgoLCgoMEAwMDAwMDBAMDg8QDw4MExMUFBMTHBsbGxwfHx8fHx8fHx8fAQcHBw0MDRgQEBgaFREVGh8fHx8fHx8fHx8fHx8fHx8fHx8fHx8fHx8fHx8fHx8fHx8fHx8fHx8fHx8fHx8fHx//wAARCABFAGQDAREAAhEBAxEB/8QAiQABAAMBAQADAAAAAAAAAAAAAAQFBgcDAQIIAQEBAQAAAAAAAAAAAAAAAAAAAQIQAAAEBAQEAgYFBREAAAAAAAECAwQAEQUGIRITBzEiFBVBFlFhgTJCI3FSchcIYjNDJCax8YKSU2OT00SUJTXFVoYYSBEBAQEBAAAAAAAAAAAAAAAAAAERQf/aAAwDAQACEQMRAD8A/VMAgEAgEBiN1r6c21R0GNHT6q664p0dCZhIRFU0gMsYB+BLNMZ4TlPCcFjje3Fw7n2KrcBHgHuShUKoqN68xTMZR03A/P1rfPiZNTmMYo/SMpiaItfom3LkotyUdvWKM5K7YOQmmqWYCAhgYpijiUxRwEBisrKAQCAQCAQCAQCAhVqs06i0l3VqksDdiyTMs4VN4FKHgHiI8ADxHCA5xtZRqjctbc7o3EiKTmoEFC2WCmPSU7HKf7a05z9AiPA0gLWMvol0t9465alqnKk4vtkyO9dgbFokgB0llZBwNpEN6+bDEQiK1mxTIttVS8rC1DnTolQTcsjKyzi2epAYnAAAZAmAjLxGKldbghAIBAIBAIBAIDj9xHPujfnlRsYTWTbKpVrjXKMiPHpR+WzAQ4lIIc/t8QKMFb2+7ypVk2s4q7ooCCIAixZkwMsuYJJIkAPTLwDAoCPhBHF21r121Lwsa/LjXOe4rkqiraulER00e4Igm1bgHAoIlzfucChEabmpf4F+ISlOvdbXZSFmR58BcsTawG+nTApQ+mKnHUoIQCAQCAQCAQFbcrKrvrfqLOjuysKo4bqJs3hgEwJKGLIpsMfb4cZDwgOcbFVqjUmhOLKfNQotzUEVFay1XME18w5jPSqD75DBLH4Ql8MhgteNrpKbn3z5yeEHybbqp0LXbHAQK6dFGSj0xR4gUQ5PXLxKaYWn4h2wn2ydP0jlI8pDlrUGYmEA+YisADKfjkOaBEDeh6l5ZtO/mn5ui1JjUDHDH9TdSKoXD62YgQI60UxTFAxRASiEwEOAgMEIBAIBAIBAIBAc73g2laXzSRXZnBjcrRI5GL8oiTUTOAgdssJcRTOBhD8mfoEQEsrAbfONzLrTcWsnXmdjlt3K0cUJi0Ez0qRAAAOBlzG5TD+kIcccfEJxa15tk9tadKq3jUXNbXJiZ/XnxtMB4jhmSJL1GnFTVTuNubtdUbKqVlUNc1UdOGYtadT6Q3OuQh0yh0+USACeQhyF90w4QJHR9uXFUXsOgnqrZVpUiskUnaDghk1QUSLpmExTSEBNlzY+mCVo4BAIBAIBAIBAIDD31tYyuaqM62wqLi37haAKXdmHKso3MAgZI+JZ8eUfCC6rqf8Ah/2/TcA8rJXlyVAMRd1d0o4MI+PKUSEEPtAMDW9pdEo1Ib9PSmLdg3/kmyRES4eogFCCJkAgEAgEBDe1mlsXjFk7cERdVNQyLFIw8ypyJmVMBfoIQf3xCAzNxbxbb25V1qPWqyVpUW4EFZuKLg4lBQgHLzJpnLiUwDxguPYm623praG5u9IlogKmbg7OVQmZUoTEhEzFBQ5pYyKUYJj1tHcyxrvUVRt6rJvHCIZlW4lURVAs5ZtNYqZxLjxAJQMXtNqlPqbQrunuCOWxjGICqYzDMmYSHKPoEpgEBAeAwEKq3dbdJRqSz9+mkSkJpLVOQGUMgRcRBITlIBjc2UZBKfjAR67f1n0Gitq1V6ok0pzwhVGipwOJ1SnKBw00igKhuUQGQFw8YD4tHcCz7vRWVt2ppvunEAXTAp01ST4CZJUpDgAywGUoCWvdNBQuRvbSrrLW3aBnbdpkUHMiQRAx84F0wxKOAmnAZ6tb1bX0WrHpNRryKb5I2RZMiayxUzzkJVFEiHIUQHiAmw8YLi9fXnbDJOkqOKgnpV1ZNtSVUwMqRdVb82UhkwOXmnxEZQRCu3cqybQXbt7iqZWCzohlG5RSWUzFKMhH5RDyx9MDFB/2F2d/3ET+7O/6mC45PuZWLmu69ajW7dp1QetLOOVtQnrIgHbkft1U1naqsxATAJS5AAs5hlGIsazd26GV07U2lX2cgRf1mnqCSc8igAqVRMfWQ4CX2RUiduspT2G7djVe5gL5USI5RIusE2yL8xREh1Z8pZ8khH6s/hGBEe7anQa7vVY5rRXRfVlmZdWtvWJiqEKwygGRdVOZRmAnAoCOE/yggMltuz3TZN7grFkqIvUXtbfU55SnYyTQUmUUnxBEfgFT5geIAGA/DFqGjSX1Itbein1B8epP0O3dU/U95VU4nOc2M8MxsPVAaVuvS6XudZVUu4xE6GpbDZGgu3MgaovylIJ8xjchT5BHmH0l9lR1q3LjsCqV2qpW86ZOquQEj1VVoBTGOEhKmJ1iBlUy8MDDl4DKCMJdxHan4gqQRmbI8NbTsrY44SUEy4EH+NBeKrZe4tuKPte5pdxOGbGpt1HRLnYvxIVwqpqn99M/Or8vKUAABxw4wKxNFBen2Xty6qAmZ0kbxB1TBdGyAlTxOUxTGMYeUuYDmmOEseERXat0a/QqttXdg0qotagCLBTW6VZNbJmAcubTMaU8oynFSPP/AM7/APEf9MgdbC2/K3bf2Z6Htmof/LdHQ1Pj/Mcmb0+MEVA/dV2BvLsfl/rA6XL0nR9bjl05fL1uPDmgq6uLy72hx5j6Ts8g6nr9Pp5Twz6vJx9MEVVj/dt06/kntelMOq7XoTn8OrpY/RmgJ1r+Uuld+Wej6Xq1et6HJk6vl1dTJhqe7mnjAQF/u1/aLqe1Sml5p1dDLOQ6PWZsPs54CVXPI3lonfO3eWsiej1ej0eTL8rJn+X7vuS9kB9bK8h9tP5M7d2/N83tmjkzy/SaXxS+tjAc8tMj8N8Xhr1VzXUNMHsaTVMC04rAFRzCkoZQyxlRNmmByBLm48sFay5vuY7+TzL2HvvLLrul6j8jPqc32c3sgLS7vu97e183dq7dn/Uu6dPo58v6LW5Z5fq+EEV9F+53tFW7L2Ds+mTvnSdJ0+nzZOq0+TL70s/rgrQ/s55b/snlvo/5vouh0v6LR0v4OX1QR//Z",
        },
        "ref": null,
        "rendered": null,
        "type": "img",
      },
      Object {
        "instance": null,
        "key": undefined,
        "nodeType": "host",
        "props": Object {
          "children": Array [
            "Welcome to the React Client starter app by ",
            <a
              href="http://www.atomicjolt.com"
>
              Atomic Jolt
</a>,
          ],
        },
        "ref": null,
        "rendered": Array [
          "Welcome to the React Client starter app by ",
          Object {
            "instance": null,
            "key": undefined,
            "nodeType": "host",
            "props": Object {
              "children": "Atomic Jolt",
              "href": "http://www.atomicjolt.com",
            },
            "ref": null,
            "rendered": "Atomic Jolt",
            "type": "a",
          },
        ],
        "type": "p",
      },
    ],
    "type": "div",
  },
  Symbol(enzyme.__nodes__): Array [
    Object {
      "instance": null,
      "key": undefined,
      "nodeType": "host",
      "props": Object {
        "children": Array [
          <img
            alt="Atomic Jolt Logo"
            src="data:image/jpeg;base64,/9j/4QAYRXhpZgAASUkqAAgAAAAAAAAAAAAAAP/sABFEdWNreQABAAQAAAA8AAD/4QMxaHR0cDovL25zLmFkb2JlLmNvbS94YXAvMS4wLwA8P3hwYWNrZXQgYmVnaW49Iu+7vyIgaWQ9Ilc1TTBNcENlaGlIenJlU3pOVGN6a2M5ZCI/PiA8eDp4bXBtZXRhIHhtbG5zOng9ImFkb2JlOm5zOm1ldGEvIiB4OnhtcHRrPSJBZG9iZSBYTVAgQ29yZSA1LjYtYzExMSA3OS4xNTgzMjUsIDIwMTUvMDkvMTAtMDE6MTA6MjAgICAgICAgICI+IDxyZGY6UkRGIHhtbG5zOnJkZj0iaHR0cDovL3d3dy53My5vcmcvMTk5OS8wMi8yMi1yZGYtc3ludGF4LW5zIyI+IDxyZGY6RGVzY3JpcHRpb24gcmRmOmFib3V0PSIiIHhtbG5zOnhtcD0iaHR0cDovL25zLmFkb2JlLmNvbS94YXAvMS4wLyIgeG1sbnM6eG1wTU09Imh0dHA6Ly9ucy5hZG9iZS5jb20veGFwLzEuMC9tbS8iIHhtbG5zOnN0UmVmPSJodHRwOi8vbnMuYWRvYmUuY29tL3hhcC8xLjAvc1R5cGUvUmVzb3VyY2VSZWYjIiB4bXA6Q3JlYXRvclRvb2w9IkFkb2JlIFBob3Rvc2hvcCBDQyAyMDE1IChNYWNpbnRvc2gpIiB4bXBNTTpJbnN0YW5jZUlEPSJ4bXAuaWlkOjhBMDlGMEVGQjBEODExRTU4Q0Y4RTJCOTU4QTNFMzM2IiB4bXBNTTpEb2N1bWVudElEPSJ4bXAuZGlkOjhBMDlGMEYwQjBEODExRTU4Q0Y4RTJCOTU4QTNFMzM2Ij4gPHhtcE1NOkRlcml2ZWRGcm9tIHN0UmVmOmluc3RhbmNlSUQ9InhtcC5paWQ6OEEwOUYwRURCMEQ4MTFFNThDRjhFMkI5NThBM0UzMzYiIHN0UmVmOmRvY3VtZW50SUQ9InhtcC5kaWQ6OEEwOUYwRUVCMEQ4MTFFNThDRjhFMkI5NThBM0UzMzYiLz4gPC9yZGY6RGVzY3JpcHRpb24+IDwvcmRmOlJERj4gPC94OnhtcG1ldGE+IDw/eHBhY2tldCBlbmQ9InIiPz7/7gAOQWRvYmUAZMAAAAAB/9sAhAAGBAQEBQQGBQUGCQYFBgkLCAYGCAsMCgoLCgoMEAwMDAwMDBAMDg8QDw4MExMUFBMTHBsbGxwfHx8fHx8fHx8fAQcHBw0MDRgQEBgaFREVGh8fHx8fHx8fHx8fHx8fHx8fHx8fHx8fHx8fHx8fHx8fHx8fHx8fHx8fHx8fHx8fHx//wAARCABFAGQDAREAAhEBAxEB/8QAiQABAAMBAQADAAAAAAAAAAAAAAQFBgcDAQIIAQEBAQAAAAAAAAAAAAAAAAAAAQIQAAAEBAQEAgYFBREAAAAAAAECAwQAEQUGIRITBzEiFBVBFlFhgTJCI3FSchcIYjNDJCax8YKSU2OT00SUJTXFVoYYSBEBAQEBAAAAAAAAAAAAAAAAAAERQf/aAAwDAQACEQMRAD8A/VMAgEAgEBiN1r6c21R0GNHT6q664p0dCZhIRFU0gMsYB+BLNMZ4TlPCcFjje3Fw7n2KrcBHgHuShUKoqN68xTMZR03A/P1rfPiZNTmMYo/SMpiaItfom3LkotyUdvWKM5K7YOQmmqWYCAhgYpijiUxRwEBisrKAQCAQCAQCAQCAhVqs06i0l3VqksDdiyTMs4VN4FKHgHiI8ADxHCA5xtZRqjctbc7o3EiKTmoEFC2WCmPSU7HKf7a05z9AiPA0gLWMvol0t9465alqnKk4vtkyO9dgbFokgB0llZBwNpEN6+bDEQiK1mxTIttVS8rC1DnTolQTcsjKyzi2epAYnAAAZAmAjLxGKldbghAIBAIBAIBAIDj9xHPujfnlRsYTWTbKpVrjXKMiPHpR+WzAQ4lIIc/t8QKMFb2+7ypVk2s4q7ooCCIAixZkwMsuYJJIkAPTLwDAoCPhBHF21r121Lwsa/LjXOe4rkqiraulER00e4Igm1bgHAoIlzfucChEabmpf4F+ISlOvdbXZSFmR58BcsTawG+nTApQ+mKnHUoIQCAQCAQCAQFbcrKrvrfqLOjuysKo4bqJs3hgEwJKGLIpsMfb4cZDwgOcbFVqjUmhOLKfNQotzUEVFay1XME18w5jPSqD75DBLH4Ql8MhgteNrpKbn3z5yeEHybbqp0LXbHAQK6dFGSj0xR4gUQ5PXLxKaYWn4h2wn2ydP0jlI8pDlrUGYmEA+YisADKfjkOaBEDeh6l5ZtO/mn5ui1JjUDHDH9TdSKoXD62YgQI60UxTFAxRASiEwEOAgMEIBAIBAIBAIBAc73g2laXzSRXZnBjcrRI5GL8oiTUTOAgdssJcRTOBhD8mfoEQEsrAbfONzLrTcWsnXmdjlt3K0cUJi0Ez0qRAAAOBlzG5TD+kIcccfEJxa15tk9tadKq3jUXNbXJiZ/XnxtMB4jhmSJL1GnFTVTuNubtdUbKqVlUNc1UdOGYtadT6Q3OuQh0yh0+USACeQhyF90w4QJHR9uXFUXsOgnqrZVpUiskUnaDghk1QUSLpmExTSEBNlzY+mCVo4BAIBAIBAIBAIDD31tYyuaqM62wqLi37haAKXdmHKso3MAgZI+JZ8eUfCC6rqf8Ah/2/TcA8rJXlyVAMRd1d0o4MI+PKUSEEPtAMDW9pdEo1Ib9PSmLdg3/kmyRES4eogFCCJkAgEAgEBDe1mlsXjFk7cERdVNQyLFIw8ypyJmVMBfoIQf3xCAzNxbxbb25V1qPWqyVpUW4EFZuKLg4lBQgHLzJpnLiUwDxguPYm623praG5u9IlogKmbg7OVQmZUoTEhEzFBQ5pYyKUYJj1tHcyxrvUVRt6rJvHCIZlW4lURVAs5ZtNYqZxLjxAJQMXtNqlPqbQrunuCOWxjGICqYzDMmYSHKPoEpgEBAeAwEKq3dbdJRqSz9+mkSkJpLVOQGUMgRcRBITlIBjc2UZBKfjAR67f1n0Gitq1V6ok0pzwhVGipwOJ1SnKBw00igKhuUQGQFw8YD4tHcCz7vRWVt2ppvunEAXTAp01ST4CZJUpDgAywGUoCWvdNBQuRvbSrrLW3aBnbdpkUHMiQRAx84F0wxKOAmnAZ6tb1bX0WrHpNRryKb5I2RZMiayxUzzkJVFEiHIUQHiAmw8YLi9fXnbDJOkqOKgnpV1ZNtSVUwMqRdVb82UhkwOXmnxEZQRCu3cqybQXbt7iqZWCzohlG5RSWUzFKMhH5RDyx9MDFB/2F2d/3ET+7O/6mC45PuZWLmu69ajW7dp1QetLOOVtQnrIgHbkft1U1naqsxATAJS5AAs5hlGIsazd26GV07U2lX2cgRf1mnqCSc8igAqVRMfWQ4CX2RUiduspT2G7djVe5gL5USI5RIusE2yL8xREh1Z8pZ8khH6s/hGBEe7anQa7vVY5rRXRfVlmZdWtvWJiqEKwygGRdVOZRmAnAoCOE/yggMltuz3TZN7grFkqIvUXtbfU55SnYyTQUmUUnxBEfgFT5geIAGA/DFqGjSX1Itbein1B8epP0O3dU/U95VU4nOc2M8MxsPVAaVuvS6XudZVUu4xE6GpbDZGgu3MgaovylIJ8xjchT5BHmH0l9lR1q3LjsCqV2qpW86ZOquQEj1VVoBTGOEhKmJ1iBlUy8MDDl4DKCMJdxHan4gqQRmbI8NbTsrY44SUEy4EH+NBeKrZe4tuKPte5pdxOGbGpt1HRLnYvxIVwqpqn99M/Or8vKUAABxw4wKxNFBen2Xty6qAmZ0kbxB1TBdGyAlTxOUxTGMYeUuYDmmOEseERXat0a/QqttXdg0qotagCLBTW6VZNbJmAcubTMaU8oynFSPP/AM7/APEf9MgdbC2/K3bf2Z6Htmof/LdHQ1Pj/Mcmb0+MEVA/dV2BvLsfl/rA6XL0nR9bjl05fL1uPDmgq6uLy72hx5j6Ts8g6nr9Pp5Twz6vJx9MEVVj/dt06/kntelMOq7XoTn8OrpY/RmgJ1r+Uuld+Wej6Xq1et6HJk6vl1dTJhqe7mnjAQF/u1/aLqe1Sml5p1dDLOQ6PWZsPs54CVXPI3lonfO3eWsiej1ej0eTL8rJn+X7vuS9kB9bK8h9tP5M7d2/N83tmjkzy/SaXxS+tjAc8tMj8N8Xhr1VzXUNMHsaTVMC04rAFRzCkoZQyxlRNmmByBLm48sFay5vuY7+TzL2HvvLLrul6j8jPqc32c3sgLS7vu97e183dq7dn/Uu6dPo58v6LW5Z5fq+EEV9F+53tFW7L2Ds+mTvnSdJ0+nzZOq0+TL70s/rgrQ/s55b/snlvo/5vouh0v6LR0v4OX1QR//Z"
/>,
          <p>
            Welcome to the React Client starter app by 
            <a
                        href="http://www.atomicjolt.com"
            >
                        Atomic Jolt
            </a>
</p>,
        ],
      },
      "ref": null,
      "rendered": Array [
        Object {
          "instance": null,
          "key": undefined,
          "nodeType": "host",
          "props": Object {
            "alt": "Atomic Jolt Logo",
            "src": "data:image/jpeg;base64,/9j/4QAYRXhpZgAASUkqAAgAAAAAAAAAAAAAAP/sABFEdWNreQABAAQAAAA8AAD/4QMxaHR0cDovL25zLmFkb2JlLmNvbS94YXAvMS4wLwA8P3hwYWNrZXQgYmVnaW49Iu+7vyIgaWQ9Ilc1TTBNcENlaGlIenJlU3pOVGN6a2M5ZCI/PiA8eDp4bXBtZXRhIHhtbG5zOng9ImFkb2JlOm5zOm1ldGEvIiB4OnhtcHRrPSJBZG9iZSBYTVAgQ29yZSA1LjYtYzExMSA3OS4xNTgzMjUsIDIwMTUvMDkvMTAtMDE6MTA6MjAgICAgICAgICI+IDxyZGY6UkRGIHhtbG5zOnJkZj0iaHR0cDovL3d3dy53My5vcmcvMTk5OS8wMi8yMi1yZGYtc3ludGF4LW5zIyI+IDxyZGY6RGVzY3JpcHRpb24gcmRmOmFib3V0PSIiIHhtbG5zOnhtcD0iaHR0cDovL25zLmFkb2JlLmNvbS94YXAvMS4wLyIgeG1sbnM6eG1wTU09Imh0dHA6Ly9ucy5hZG9iZS5jb20veGFwLzEuMC9tbS8iIHhtbG5zOnN0UmVmPSJodHRwOi8vbnMuYWRvYmUuY29tL3hhcC8xLjAvc1R5cGUvUmVzb3VyY2VSZWYjIiB4bXA6Q3JlYXRvclRvb2w9IkFkb2JlIFBob3Rvc2hvcCBDQyAyMDE1IChNYWNpbnRvc2gpIiB4bXBNTTpJbnN0YW5jZUlEPSJ4bXAuaWlkOjhBMDlGMEVGQjBEODExRTU4Q0Y4RTJCOTU4QTNFMzM2IiB4bXBNTTpEb2N1bWVudElEPSJ4bXAuZGlkOjhBMDlGMEYwQjBEODExRTU4Q0Y4RTJCOTU4QTNFMzM2Ij4gPHhtcE1NOkRlcml2ZWRGcm9tIHN0UmVmOmluc3RhbmNlSUQ9InhtcC5paWQ6OEEwOUYwRURCMEQ4MTFFNThDRjhFMkI5NThBM0UzMzYiIHN0UmVmOmRvY3VtZW50SUQ9InhtcC5kaWQ6OEEwOUYwRUVCMEQ4MTFFNThDRjhFMkI5NThBM0UzMzYiLz4gPC9yZGY6RGVzY3JpcHRpb24+IDwvcmRmOlJERj4gPC94OnhtcG1ldGE+IDw/eHBhY2tldCBlbmQ9InIiPz7/7gAOQWRvYmUAZMAAAAAB/9sAhAAGBAQEBQQGBQUGCQYFBgkLCAYGCAsMCgoLCgoMEAwMDAwMDBAMDg8QDw4MExMUFBMTHBsbGxwfHx8fHx8fHx8fAQcHBw0MDRgQEBgaFREVGh8fHx8fHx8fHx8fHx8fHx8fHx8fHx8fHx8fHx8fHx8fHx8fHx8fHx8fHx8fHx8fHx//wAARCABFAGQDAREAAhEBAxEB/8QAiQABAAMBAQADAAAAAAAAAAAAAAQFBgcDAQIIAQEBAQAAAAAAAAAAAAAAAAAAAQIQAAAEBAQEAgYFBREAAAAAAAECAwQAEQUGIRITBzEiFBVBFlFhgTJCI3FSchcIYjNDJCax8YKSU2OT00SUJTXFVoYYSBEBAQEBAAAAAAAAAAAAAAAAAAERQf/aAAwDAQACEQMRAD8A/VMAgEAgEBiN1r6c21R0GNHT6q664p0dCZhIRFU0gMsYB+BLNMZ4TlPCcFjje3Fw7n2KrcBHgHuShUKoqN68xTMZR03A/P1rfPiZNTmMYo/SMpiaItfom3LkotyUdvWKM5K7YOQmmqWYCAhgYpijiUxRwEBisrKAQCAQCAQCAQCAhVqs06i0l3VqksDdiyTMs4VN4FKHgHiI8ADxHCA5xtZRqjctbc7o3EiKTmoEFC2WCmPSU7HKf7a05z9AiPA0gLWMvol0t9465alqnKk4vtkyO9dgbFokgB0llZBwNpEN6+bDEQiK1mxTIttVS8rC1DnTolQTcsjKyzi2epAYnAAAZAmAjLxGKldbghAIBAIBAIBAIDj9xHPujfnlRsYTWTbKpVrjXKMiPHpR+WzAQ4lIIc/t8QKMFb2+7ypVk2s4q7ooCCIAixZkwMsuYJJIkAPTLwDAoCPhBHF21r121Lwsa/LjXOe4rkqiraulER00e4Igm1bgHAoIlzfucChEabmpf4F+ISlOvdbXZSFmR58BcsTawG+nTApQ+mKnHUoIQCAQCAQCAQFbcrKrvrfqLOjuysKo4bqJs3hgEwJKGLIpsMfb4cZDwgOcbFVqjUmhOLKfNQotzUEVFay1XME18w5jPSqD75DBLH4Ql8MhgteNrpKbn3z5yeEHybbqp0LXbHAQK6dFGSj0xR4gUQ5PXLxKaYWn4h2wn2ydP0jlI8pDlrUGYmEA+YisADKfjkOaBEDeh6l5ZtO/mn5ui1JjUDHDH9TdSKoXD62YgQI60UxTFAxRASiEwEOAgMEIBAIBAIBAIBAc73g2laXzSRXZnBjcrRI5GL8oiTUTOAgdssJcRTOBhD8mfoEQEsrAbfONzLrTcWsnXmdjlt3K0cUJi0Ez0qRAAAOBlzG5TD+kIcccfEJxa15tk9tadKq3jUXNbXJiZ/XnxtMB4jhmSJL1GnFTVTuNubtdUbKqVlUNc1UdOGYtadT6Q3OuQh0yh0+USACeQhyF90w4QJHR9uXFUXsOgnqrZVpUiskUnaDghk1QUSLpmExTSEBNlzY+mCVo4BAIBAIBAIBAIDD31tYyuaqM62wqLi37haAKXdmHKso3MAgZI+JZ8eUfCC6rqf8Ah/2/TcA8rJXlyVAMRd1d0o4MI+PKUSEEPtAMDW9pdEo1Ib9PSmLdg3/kmyRES4eogFCCJkAgEAgEBDe1mlsXjFk7cERdVNQyLFIw8ypyJmVMBfoIQf3xCAzNxbxbb25V1qPWqyVpUW4EFZuKLg4lBQgHLzJpnLiUwDxguPYm623praG5u9IlogKmbg7OVQmZUoTEhEzFBQ5pYyKUYJj1tHcyxrvUVRt6rJvHCIZlW4lURVAs5ZtNYqZxLjxAJQMXtNqlPqbQrunuCOWxjGICqYzDMmYSHKPoEpgEBAeAwEKq3dbdJRqSz9+mkSkJpLVOQGUMgRcRBITlIBjc2UZBKfjAR67f1n0Gitq1V6ok0pzwhVGipwOJ1SnKBw00igKhuUQGQFw8YD4tHcCz7vRWVt2ppvunEAXTAp01ST4CZJUpDgAywGUoCWvdNBQuRvbSrrLW3aBnbdpkUHMiQRAx84F0wxKOAmnAZ6tb1bX0WrHpNRryKb5I2RZMiayxUzzkJVFEiHIUQHiAmw8YLi9fXnbDJOkqOKgnpV1ZNtSVUwMqRdVb82UhkwOXmnxEZQRCu3cqybQXbt7iqZWCzohlG5RSWUzFKMhH5RDyx9MDFB/2F2d/3ET+7O/6mC45PuZWLmu69ajW7dp1QetLOOVtQnrIgHbkft1U1naqsxATAJS5AAs5hlGIsazd26GV07U2lX2cgRf1mnqCSc8igAqVRMfWQ4CX2RUiduspT2G7djVe5gL5USI5RIusE2yL8xREh1Z8pZ8khH6s/hGBEe7anQa7vVY5rRXRfVlmZdWtvWJiqEKwygGRdVOZRmAnAoCOE/yggMltuz3TZN7grFkqIvUXtbfU55SnYyTQUmUUnxBEfgFT5geIAGA/DFqGjSX1Itbein1B8epP0O3dU/U95VU4nOc2M8MxsPVAaVuvS6XudZVUu4xE6GpbDZGgu3MgaovylIJ8xjchT5BHmH0l9lR1q3LjsCqV2qpW86ZOquQEj1VVoBTGOEhKmJ1iBlUy8MDDl4DKCMJdxHan4gqQRmbI8NbTsrY44SUEy4EH+NBeKrZe4tuKPte5pdxOGbGpt1HRLnYvxIVwqpqn99M/Or8vKUAABxw4wKxNFBen2Xty6qAmZ0kbxB1TBdGyAlTxOUxTGMYeUuYDmmOEseERXat0a/QqttXdg0qotagCLBTW6VZNbJmAcubTMaU8oynFSPP/AM7/APEf9MgdbC2/K3bf2Z6Htmof/LdHQ1Pj/Mcmb0+MEVA/dV2BvLsfl/rA6XL0nR9bjl05fL1uPDmgq6uLy72hx5j6Ts8g6nr9Pp5Twz6vJx9MEVVj/dt06/kntelMOq7XoTn8OrpY/RmgJ1r+Uuld+Wej6Xq1et6HJk6vl1dTJhqe7mnjAQF/u1/aLqe1Sml5p1dDLOQ6PWZsPs54CVXPI3lonfO3eWsiej1ej0eTL8rJn+X7vuS9kB9bK8h9tP5M7d2/N83tmjkzy/SaXxS+tjAc8tMj8N8Xhr1VzXUNMHsaTVMC04rAFRzCkoZQyxlRNmmByBLm48sFay5vuY7+TzL2HvvLLrul6j8jPqc32c3sgLS7vu97e183dq7dn/Uu6dPo58v6LW5Z5fq+EEV9F+53tFW7L2Ds+mTvnSdJ0+nzZOq0+TL70s/rgrQ/s55b/snlvo/5vouh0v6LR0v4OX1QR//Z",
          },
          "ref": null,
          "rendered": null,
          "type": "img",
        },
        Object {
          "instance": null,
          "key": undefined,
          "nodeType": "host",
          "props": Object {
            "children": Array [
              "Welcome to the React Client starter app by ",
              <a
                href="http://www.atomicjolt.com"
>
                Atomic Jolt
</a>,
            ],
          },
          "ref": null,
          "rendered": Array [
            "Welcome to the React Client starter app by ",
            Object {
              "instance": null,
              "key": undefined,
              "nodeType": "host",
              "props": Object {
                "children": "Atomic Jolt",
                "href": "http://www.atomicjolt.com",
              },
              "ref": null,
              "rendered": "Atomic Jolt",
              "type": "a",
            },
          ],
          "type": "p",
        },
      ],
      "type": "div",
    },
  ],
  Symbol(enzyme.__options__): Object {
    "adapter": ReactFifteenAdapter {
      "options": Object {
        "supportPrevContextArgumentOfComponentDidUpdate": true,
      },
    },
  },
}
`;
